Archive member included to satisfy reference by file (symbol)

c:/program files (x86)/atmel/studio/7.0/toolchain/avr8/avr8-gnu-toolchain/bin/../lib/gcc/avr/5.4.0/../../../../avr/lib/avrxmega2\libm.a(addsf3.o)
                              Altitude.o (__subsf3)
c:/program files (x86)/atmel/studio/7.0/toolchain/avr8/avr8-gnu-toolchain/bin/../lib/gcc/avr/5.4.0/../../../../avr/lib/avrxmega2\libm.a(addsf3x.o)
                              c:/program files (x86)/atmel/studio/7.0/toolchain/avr8/avr8-gnu-toolchain/bin/../lib/gcc/avr/5.4.0/../../../../avr/lib/avrxmega2\libm.a(addsf3.o) (__addsf3x)
c:/program files (x86)/atmel/studio/7.0/toolchain/avr8/avr8-gnu-toolchain/bin/../lib/gcc/avr/5.4.0/../../../../avr/lib/avrxmega2\libm.a(cmpsf2.o)
                              Communications.o (__ltsf2)
c:/program files (x86)/atmel/studio/7.0/toolchain/avr8/avr8-gnu-toolchain/bin/../lib/gcc/avr/5.4.0/../../../../avr/lib/avrxmega2\libm.a(divsf3.o)
                              Altitude.o (__divsf3)
c:/program files (x86)/atmel/studio/7.0/toolchain/avr8/avr8-gnu-toolchain/bin/../lib/gcc/avr/5.4.0/../../../../avr/lib/avrxmega2\libm.a(divsf3x.o)
                              c:/program files (x86)/atmel/studio/7.0/toolchain/avr8/avr8-gnu-toolchain/bin/../lib/gcc/avr/5.4.0/../../../../avr/lib/avrxmega2\libm.a(divsf3.o) (__divsf3x)
c:/program files (x86)/atmel/studio/7.0/toolchain/avr8/avr8-gnu-toolchain/bin/../lib/gcc/avr/5.4.0/../../../../avr/lib/avrxmega2\libm.a(exp.o)
                              Altitude.o (exp)
c:/program files (x86)/atmel/studio/7.0/toolchain/avr8/avr8-gnu-toolchain/bin/../lib/gcc/avr/5.4.0/../../../../avr/lib/avrxmega2\libm.a(fixunssfsi.o)
                              ElAndAzComp.o (__fixunssfsi)
c:/program files (x86)/atmel/studio/7.0/toolchain/avr8/avr8-gnu-toolchain/bin/../lib/gcc/avr/5.4.0/../../../../avr/lib/avrxmega2\libm.a(floatdisf.o)
                              BMP390.o (__floatdisf)
c:/program files (x86)/atmel/studio/7.0/toolchain/avr8/avr8-gnu-toolchain/bin/../lib/gcc/avr/5.4.0/../../../../avr/lib/avrxmega2\libm.a(floatsisf.o)
                              ElAndAzComp.o (__floatunsisf)
c:/program files (x86)/atmel/studio/7.0/toolchain/avr8/avr8-gnu-toolchain/bin/../lib/gcc/avr/5.4.0/../../../../avr/lib/avrxmega2\libm.a(floatundisf.o)
                              c:/program files (x86)/atmel/studio/7.0/toolchain/avr8/avr8-gnu-toolchain/bin/../lib/gcc/avr/5.4.0/../../../../avr/lib/avrxmega2\libm.a(floatdisf.o) (__fp_di2sf)
c:/program files (x86)/atmel/studio/7.0/toolchain/avr8/avr8-gnu-toolchain/bin/../lib/gcc/avr/5.4.0/../../../../avr/lib/avrxmega2\libm.a(fp_cmp.o)
                              c:/program files (x86)/atmel/studio/7.0/toolchain/avr8/avr8-gnu-toolchain/bin/../lib/gcc/avr/5.4.0/../../../../avr/lib/avrxmega2\libm.a(cmpsf2.o) (__fp_cmp)
c:/program files (x86)/atmel/studio/7.0/toolchain/avr8/avr8-gnu-toolchain/bin/../lib/gcc/avr/5.4.0/../../../../avr/lib/avrxmega2\libm.a(fp_inf.o)
                              c:/program files (x86)/atmel/studio/7.0/toolchain/avr8/avr8-gnu-toolchain/bin/../lib/gcc/avr/5.4.0/../../../../avr/lib/avrxmega2\libm.a(addsf3x.o) (__fp_inf)
c:/program files (x86)/atmel/studio/7.0/toolchain/avr8/avr8-gnu-toolchain/bin/../lib/gcc/avr/5.4.0/../../../../avr/lib/avrxmega2\libm.a(fp_nan.o)
                              c:/program files (x86)/atmel/studio/7.0/toolchain/avr8/avr8-gnu-toolchain/bin/../lib/gcc/avr/5.4.0/../../../../avr/lib/avrxmega2\libm.a(addsf3x.o) (__fp_nan)
c:/program files (x86)/atmel/studio/7.0/toolchain/avr8/avr8-gnu-toolchain/bin/../lib/gcc/avr/5.4.0/../../../../avr/lib/avrxmega2\libm.a(fp_negdi.o)
                              c:/program files (x86)/atmel/studio/7.0/toolchain/avr8/avr8-gnu-toolchain/bin/../lib/gcc/avr/5.4.0/../../../../avr/lib/avrxmega2\libm.a(floatdisf.o) (__fp_negdi)
c:/program files (x86)/atmel/studio/7.0/toolchain/avr8/avr8-gnu-toolchain/bin/../lib/gcc/avr/5.4.0/../../../../avr/lib/avrxmega2\libm.a(fp_powser.o)
                              c:/program files (x86)/atmel/studio/7.0/toolchain/avr8/avr8-gnu-toolchain/bin/../lib/gcc/avr/5.4.0/../../../../avr/lib/avrxmega2\libm.a(exp.o) (__fp_powser)
c:/program files (x86)/atmel/studio/7.0/toolchain/avr8/avr8-gnu-toolchain/bin/../lib/gcc/avr/5.4.0/../../../../avr/lib/avrxmega2\libm.a(fp_pscA.o)
                              c:/program files (x86)/atmel/studio/7.0/toolchain/avr8/avr8-gnu-toolchain/bin/../lib/gcc/avr/5.4.0/../../../../avr/lib/avrxmega2\libm.a(addsf3x.o) (__fp_pscA)
c:/program files (x86)/atmel/studio/7.0/toolchain/avr8/avr8-gnu-toolchain/bin/../lib/gcc/avr/5.4.0/../../../../avr/lib/avrxmega2\libm.a(fp_pscB.o)
                              c:/program files (x86)/atmel/studio/7.0/toolchain/avr8/avr8-gnu-toolchain/bin/../lib/gcc/avr/5.4.0/../../../../avr/lib/avrxmega2\libm.a(addsf3x.o) (__fp_pscB)
c:/program files (x86)/atmel/studio/7.0/toolchain/avr8/avr8-gnu-toolchain/bin/../lib/gcc/avr/5.4.0/../../../../avr/lib/avrxmega2\libm.a(fp_round.o)
[...]
Memory Configuration

Name             Origin             Length             Attributes
text             0x00000000         0x00010000         xr
data             0x00806000         0x00002000         rw !x
eeprom           0x00810000         0x00000100         rw !x
fuse             0x00820000         0x00000010         rw !x
lock             0x00830000         0x00000400         rw !x
signature        0x00840000         0x00000400         rw !x
user_signatures  0x00850000         0x00000400         rw !x
*default*        0x00000000         0xffffffff

Linker script and memory map

Address of section .data set to 0x806000
                0x00008000                __RODATA_PM_OFFSET__ = 0x8000
LOAD C:/Program Files (x86)/Atmel/Studio/7.0/Packs/Atmel/AVR-Dx_DFP/2.6.303/gcc/dev/avr64dd32/avrxmega2/crtavr64dd32.o
LOAD ADC.o
LOAD Altitude.o
LOAD BMP390.o
LOAD CLK.o
LOAD Communications.o
LOAD CRC.o
LOAD ElAndAzComp.o
LOAD GPIO.o
LOAD i2c.o
LOAD Keypad3x4.o
LOAD main.o
LOAD SHT45.o
LOAD ST7567S.o
LOAD USART.o
LOAD Wind.o
LOAD Windows.o
START GROUP
LOAD c:/program files (x86)/atmel/studio/7.0/toolchain/avr8/avr8-gnu-toolchain/bin/../lib/gcc/avr/5.4.0/../../../../avr/lib/avrxmega2\libm.a
END GROUP
LOAD c:/program files (x86)/atmel/studio/7.0/toolchain/avr8/avr8-gnu-toolchain/bin/../lib/gcc/avr/5.4.0/../../../../avr/lib/avrxmega2\libprintf_flt.a
START GROUP
LOAD c:/program files (x86)/atmel/studio/7.0/toolchain/avr8/avr8-gnu-toolchain/bin/../lib/gcc/avr/5.4.0/avrxmega2\libgcc.a
LOAD c:/program files (x86)/atmel/studio/7.0/toolchain/avr8/avr8-gnu-toolchain/bin/../lib/gcc/avr/5.4.0/../../../../avr/lib/avrxmega2\libm.a
LOAD c:/program files (x86)/atmel/studio/7.0/toolchain/avr8/avr8-gnu-toolchain/bin/../lib/gcc/avr/5.4.0/../../../../avr/lib/avrxmega2\libc.a
LOAD C:/Program Files (x86)/Atmel/Studio/7.0/Packs/Atmel/AVR-Dx_DFP/2.6.303/gcc/dev/avr64dd32/avrxmega2\libavr64dd32.a
END GROUP
                [0x00000000]                __TEXT_REGION_ORIGIN__ = DEFINED (__TEXT_REGION_ORIGIN__)?__TEXT_REGION_ORIGIN__:0x0
                [0x00806000]                __DATA_REGION_ORIGIN__ = DEFINED (__DATA_REGION_ORIGIN__)?__DATA_REGION_ORIGIN__:0x802000
                [0x00010000]                __TEXT_REGION_LENGTH__ = DEFINED (__TEXT_REGION_LENGTH__)?__TEXT_REGION_LENGTH__:0x100000
                [0x00002000]                __DATA_REGION_LENGTH__ = DEFINED (__DATA_REGION_LENGTH__)?__DATA_REGION_LENGTH__:0xffa0
                [0x00000100]                __EEPROM_REGION_LENGTH__ = DEFINED (__EEPROM_REGION_LENGTH__)?__EEPROM_REGION_LENGTH__:0x10000
                [0x00000010]                __FUSE_REGION_LENGTH__ = DEFINED (__FUSE_REGION_LENGTH__)?__FUSE_REGION_LENGTH__:0x400
                0x00000400                __LOCK_REGION_LENGTH__ = DEFINED (__LOCK_REGION_LENGTH__)?__LOCK_REGION_LENGTH__:0x400
                0x00000400                __SIGNATURE_REGION_LENGTH__ = DEFINED (__SIGNATURE_REGION_LENGTH__)?__SIGNATURE_REGION_LENGTH__:0x400
                0x00000400                __USER_SIGNATURE_REGION_LENGTH__ = DEFINED (__USER_SIGNATURE_REGION_LENGTH__)?__USER_SIGNATURE_REGION_LENGTH__:0x400

.hash
 *(.hash)

.dynsym
 *(.dynsym)

.dynstr
 *(.dynstr)

.gnu.version
 *(.gnu.version)

.gnu.version_d
 *(.gnu.version_d)

.gnu.version_r
 *(.gnu.version_r)

.rel.init
 *(.rel.init)

.rela.init
 *(.rela.init)

.rel.text
 *(.rel.text)
 *(.rel.text.*)
 *(.rel.gnu.linkonce.t*)

.rela.text
 *(.rela.text)
 *(.rela.text.*)
 *(.rela.gnu.linkonce.t*)

.rel.fini
 *(.rel.fini)

.rela.fini
 *(.rela.fini)

.rel.rodata
 *(.rel.rodata)
 *(.rel.rodata.*)
 *(.rel.gnu.linkonce.r*)

.rela.rodata
 *(.rela.rodata)
 *(.rela.rodata.*)
 *(.rela.gnu.linkonce.r*)

.rel.data
 *(.rel.data)
 *(.rel.data.*)
 *(.rel.gnu.linkonce.d*)

.rela.data
 *(.rela.data)
 *(.rela.data.*)
 *(.rela.gnu.linkonce.d*)

.rel.ctors
 *(.rel.ctors)

.rela.ctors
 *(.rela.ctors)

.rel.dtors
 *(.rel.dtors)

.rela.dtors
 *(.rela.dtors)

.rel.got
 *(.rel.got)

.rela.got
 *(.rela.got)

.rel.bss
 *(.rel.bss)

.rela.bss
 *(.rela.bss)

.rel.plt
 *(.rel.plt)

.rela.plt
 *(.rela.plt)

.text           0x00000000     0x59cc
 *(.vectors)
 .vectors       0x00000000       0x90 C:/Program Files (x86)/Atmel/Studio/7.0/Packs/Atmel/AVR-Dx_DFP/2.6.303/gcc/dev/avr64dd32/avrxmega2/crtavr64dd32.o
                0x00000000                __vector_default
                0x00000000                __vectors
 *(.vectors)
 *(.progmem.gcc*)
 .progmem.gcc_sw_table.WindDirNames
                0x00000090        0xe Wind.o
 .progmem.gcc_sw_table.extractDigitFromTime
                0x0000009e       0x1c Windows.o
 .progmem.gcc_fplib
                0x000000ba       0x28 c:/program files (x86)/atmel/studio/7.0/toolchain/avr8/avr8-gnu-toolchain/bin/../lib/gcc/avr/5.4.0/../../../../avr/lib/avrxmega2\libm.a(exp.o)
 .progmem.gcc_fplib
                0x000000e2       0x5a c:/program files (x86)/atmel/studio/7.0/toolchain/avr8/avr8-gnu-toolchain/bin/../lib/gcc/avr/5.4.0/../../../../avr/lib/avrxmega2\libm.a(log.o)
 .progmem.gcc_fplib
                0x0000013c       0x23 c:/program files (x86)/atmel/studio/7.0/toolchain/avr8/avr8-gnu-toolchain/bin/../lib/gcc/avr/5.4.0/../../../../avr/lib/avrxmega2\libm.a(tan.o)
                0x00000160                . = ALIGN (0x2)
 *fill*         0x0000015f        0x1 
                0x00000160                __trampolines_start = .
 *(.trampolines)
 .trampolines   0x00000160        0x0 linker stubs
 *(.trampolines*)
                0x00000160                __trampolines_end = .
 *libprintf_flt.a:*(.progmem.data)
 .progmem.data  0x00000160        0x8 c:/program files (x86)/atmel/studio/7.0/toolchain/avr8/avr8-gnu-toolchain/bin/../lib/gcc/avr/5.4.0/../../../../avr/lib/avrxmega2\libprintf_flt.a(vfprintf_flt.o)
 *libc.a:*(.progmem.data)
 .progmem.data  0x00000168       0xfa c:/program files (x86)/atmel/studio/7.0/toolchain/avr8/avr8-gnu-toolchain/bin/../lib/gcc/avr/5.4.0/../../../../avr/lib/avrxmega2\libc.a(ftoa_engine.o)
 .progmem.data  0x00000262        0xc c:/program files (x86)/atmel/studio/7.0/toolchain/avr8/avr8-gnu-toolchain/bin/../lib/gcc/avr/5.4.0/../../../../avr/lib/avrxmega2\libc.a(vfscanf_std.o)
 .progmem.data  0x0000026e       0x3b c:/program files (x86)/atmel/studio/7.0/toolchain/avr8/avr8-gnu-toolchain/bin/../lib/gcc/avr/5.4.0/../../../../avr/lib/avrxmega2\libc.a(strtod.o)
 *(.progmem*)
                0x000002aa                . = ALIGN (0x2)
 *fill*         0x000002a9        0x1 
 *(.jumptables)
 *(.jumptables*)
 *(.lowtext)
 *(.lowtext*)
                0x000002aa                __ctors_start = .
 *(.ctors)
                0x000002aa                __ctors_end = .
                0x000002aa                __dtors_start = .
 *(.dtors)
                0x000002aa                __dtors_end = .
 SORT(*)(.ctors)
 SORT(*)(.dtors)
 *(.init0)
 .init0         0x000002aa        0x0 C:/Program Files (x86)/Atmel/Studio/7.0/Packs/Atmel/AVR-Dx_DFP/2.6.303/gcc/dev/avr64dd32/avrxmega2/crtavr64dd32.o
                0x000002aa                __init
 *(.init0)
 *(.init1)
 *(.init1)
 *(.init2)
 .init2         0x000002aa        0xc C:/Program Files (x86)/Atmel/Studio/7.0/Packs/Atmel/AVR-Dx_DFP/2.6.303/gcc/dev/avr64dd32/avrxmega2/crtavr64dd32.o
 *(.init2)
 *(.init3)
 *(.init3)
 *(.init4)
 .init4         0x000002b6       0x16 c:/program files (x86)/atmel/studio/7.0/toolchain/avr8/avr8-gnu-toolchain/bin/../lib/gcc/avr/5.4.0/avrxmega2\libgcc.a(_copy_data.o)
                0x000002b6                __do_copy_data
 .init4         0x000002cc       0x10 c:/program files (x86)/atmel/studio/7.0/toolchain/avr8/avr8-gnu-toolchain/bin/../lib/gcc/avr/5.4.0/avrxmega2\libgcc.a(_clear_bss.o)
                0x000002cc                __do_clear_bss
 *(.init4)
 *(.init5)
 *(.init5)
 *(.init6)
 *(.init6)
 *(.init7)
 *(.init7)
 *(.init8)
 *(.init8)
 *(.init9)
 .init9         0x000002dc        0x8 C:/Program Files (x86)/Atmel/Studio/7.0/Packs/Atmel/AVR-Dx_DFP/2.6.303/gcc/dev/avr64dd32/avrxmega2/crtavr64dd32.o
 *(.init9)
 *(.text)
 .text          0x000002e4        0x4 C:/Program Files (x86)/Atmel/Studio/7.0/Packs/Atmel/AVR-Dx_DFP/2.6.303/gcc/dev/avr64dd32/avrxmega2/crtavr64dd32.o
                0x000002e4                __vector_22
                0x000002e4                __vector_28
                0x000002e4                __vector_1
                0x000002e4                __vector_32
                0x000002e4                __vector_34
                0x000002e4                __vector_24
                0x000002e4                __vector_12
                0x000002e4                __bad_interrupt
                0x000002e4                __vector_6
                0x000002e4                __vector_31
                0x000002e4                __vector_35
                0x000002e4                __vector_3
                0x000002e4                __vector_23
                0x000002e4                __vector_30
                0x000002e4                __vector_25
                0x000002e4                __vector_11
                0x000002e4                __vector_13
                0x000002e4                __vector_17
                0x000002e4                __vector_19
                0x000002e4                __vector_7
                0x000002e4                __vector_27
                0x000002e4                __vector_5
                0x000002e4                __vector_33
                0x000002e4                __vector_4
                0x000002e4                __vector_9
                0x000002e4                __vector_2
                0x000002e4                __vector_21
                0x000002e4                __vector_15
                0x000002e4                __vector_29
                0x000002e4                __vector_8
                0x000002e4                __vector_26
                0x000002e4                __vector_14
                0x000002e4                __vector_10
                0x000002e4                __vector_16
                0x000002e4                __vector_18
                0x000002e4                __vector_20
                0x000002e8                . = ALIGN (0x2)
 *(.text.*)
 .text.ADC0_init
                0x000002e8       0x10 ADC.o
                0x000002e8                ADC0_init
 .text.ADC0_SetupWS
                0x000002f8        0xe ADC.o
                0x000002f8                ADC0_SetupWS
 .text.ADC0_SetupWD
                0x00000306        0xe ADC.o
                0x00000306                ADC0_SetupWD
 .text.ADC0_SetupSLS
                0x00000314        0xc ADC.o
                0x00000314                ADC0_SetupSLS
 .text.ADC0_read
                0x00000320       0x28 ADC.o
                0x00000320                ADC0_read
 .text.calculate_adjusted_elevation
                0x00000348      0x11a Altitude.o
                0x00000348                calculate_adjusted_elevation
 .text.AltitudeAverage
                0x00000462       0x96 Altitude.o
                0x00000462                AltitudeAverage
 .text.ReadBMP280Calibration
                0x000004f8      0x368 BMP390.o
                0x000004f8                ReadBMP280Calibration
 .text.WriteBMP280Config
                0x00000860       0x46 BMP390.o
                0x00000860                WriteBMP280Config
 .text.ReadBMP280Status
                0x000008a6       0x1e BMP390.o
                0x000008a6                ReadBMP280Status
 .text.ReadBMP280TP
                0x000008c4       0x56 BMP390.o
                0x000008c4                ReadBMP280TP
 .text.CalcTrueTemp
                0x0000091a      0x158 BMP390.o
                0x0000091a                CalcTrueTemp
 .text.CalcTruePres
                0x00000a72      0x448 BMP390.o
                0x00000a72                CalcTruePres
 .text.CLOCK_XOSCHF_crystal_init
                0x00000eba       0x3e CLK.o
                0x00000eba                CLOCK_XOSCHF_crystal_init
 .text.executeCommand
                0x00000ef8      0x10c Communications.o
                0x00000ef8                executeCommand
 .text.ClockAndDataReader
                0x00001004       0xa4 Communications.o
                0x00001004                ClockAndDataReader
 .text.isLeapYear
                0x000010a8       0x6e Communications.o
                0x000010a8                isLeapYear
 .text.isValidDateTime
                0x00001116       0xca Communications.o
                0x00001116                isValidDateTime
 .text.isValidTimeZone
                0x000011e0        0xe Communications.o
                0x000011e0                isValidTimeZone
 .text.isValidAltitude
                0x000011ee       0x12 Communications.o
                0x000011ee                isValidAltitude
 .text.isValidLatitude
                0x00001200       0x44 Communications.o
                0x00001200                isValidLatitude
 .text.isValidLongitude
                0x00001244       0x44 Communications.o
                0x00001244                isValidLongitude
 .text.Retransmitt
                0x00001288       0xc8 Communications.o
                0x00001288                Retransmitt
 .text.CRC8MAXIM
                0x00001350       0x64 CRC.o
                0x00001350                CRC8MAXIM
 .text.calculate_refraction
                0x000013b4      0x19a ElAndAzComp.o
                0x000013b4                calculate_refraction
 .text.correct_solar_angles
                0x0000154e       0x6c ElAndAzComp.o
                0x0000154e                correct_solar_angles
 .text.SunLevel
                0x000015ba       0x2c ElAndAzComp.o
                0x000015ba                SunLevel
 .text.GPIO_init
                0x000015e6       0xba GPIO.o
                0x000015e6                GPIO_init
 .text.I2C_init
                0x000016a0       0x14 i2c.o
                0x000016a0                I2C_init
 .text.TransmitAdd
                0x000016b4       0x54 i2c.o
                0x000016b4                TransmitAdd
 .text.TransmitByte
                0x00001708       0x56 i2c.o
                0x00001708                TransmitByte
 .text.ReadByteInf
                0x0000175e       0x44 i2c.o
                0x0000175e                ReadByteInf
 .text.ReadReg  0x000017a2       0x56 i2c.o
                0x000017a2                ReadReg
 .text.WriteToReg
                0x000017f8       0x32 i2c.o
                0x000017f8                WriteToReg
 .text.ReadMulti
                0x0000182a      0x15a i2c.o
                0x0000182a                ReadMulti
 .text.scan_keypad
                0x00001984       0xc2 Keypad3x4.o
                0x00001984                scan_keypad
 .text.keypad   0x00001a46       0x6e Keypad3x4.o
                0x00001a46                keypad
 .text.main     0x00001ab4       0xe2 main.o
                0x00001ab4                main
 .text.SHT21_Settings_Write
                0x00001b96       0x28 SHT45.o
                0x00001b96                SHT21_Settings_Write
 .text.SHT21_Read
                0x00001bbe      0x1d4 SHT45.o
                0x00001bbe                SHT21_Read
 .text.Separator
                0x00001d92       0x96 SHT45.o
                0x00001d92                Separator
 .text.screen_command
                0x00001e28        0xc ST7567S.o
                0x00001e28                screen_command
 .text.screen_data
                0x00001e34        0xc ST7567S.o
                0x00001e34                screen_data
 .text.screen_init
                0x00001e40       0x26 ST7567S.o
                0x00001e40                screen_init
 .text.screen_draw_char
                0x00001e66       0x68 ST7567S.o
                0x00001e66                screen_draw_char
 .text.screen_contrast
                0x00001ece       0x1a ST7567S.o
                0x00001ece                screen_contrast
 .text.screen_clear
                0x00001ee8       0x50 ST7567S.o
                0x00001ee8                screen_clear
 .text.screen_draw_text
                0x00001f38       0x3e ST7567S.o
                0x00001f38                screen_draw_text
 .text.screen_write_text
                0x00001f76       0x4e ST7567S.o
                0x00001f76                screen_write_text
 .text.calculate_start_pixel
                0x00001fc4       0x4a ST7567S.o
                0x00001fc4                calculate_start_pixel
 .text.screen_write_text_aligned
                0x0000200e       0x22 ST7567S.o
                0x0000200e                screen_write_text_aligned
 .text.screen_write_formatted_text
                0x00002030       0x3c ST7567S.o
                0x00002030                screen_write_formatted_text
 .text.USART0_init
                0x0000206c       0x16 USART.o
                0x0000206c                USART0_init
 .text.USART0_sendChar
                0x00002082        0xe USART.o
                0x00002082                USART0_sendChar
 .text.USART0_sendString
                0x00002090       0x3c USART.o
                0x00002090                USART0_sendString
 .text.USART1_init
                0x000020cc       0x16 USART.o
                0x000020cc                USART1_init
 .text.USART1_sendChar
                0x000020e2        0xe USART.o
                0x000020e2                USART1_sendChar
 .text.USART1_sendString
                0x000020f0       0x3c USART.o
                0x000020f0                USART1_sendString
 .text.USART1_readChar
                0x0000212c       0x2e USART.o
                0x0000212c                USART1_readChar
 .text.USART_printf
                0x0000215a       0x64 USART.o
                0x0000215a                USART_printf
 .text.WindSpeed
                0x000021be       0x28 Wind.o
                0x000021be                WindSpeed
 .text.WindDirection
                0x000021e6       0x5e Wind.o
                0x000021e6                WindDirection
 .text.WindDirNames
                0x00002244       0x4a Wind.o
                0x00002244                WindDirNames
 .text.displayDateTimeAndLocation
                0x0000228e      0x342 Windows.o
                0x0000228e                displayDateTimeAndLocation
 .text.extractDigitFromTime
                0x000025d0      0x164 Windows.o
                0x000025d0                extractDigitFromTime
 .text.extractDigitFromTimeZone
                0x00002734       0x5e Windows.o
                0x00002734                extractDigitFromTimeZone
 .text.extractDigitFromAltitude
                0x00002792       0xba Windows.o
                0x00002792                extractDigitFromAltitude
 .text.extractDigitFromLocation
                0x0000284c      0x15c Windows.o
                0x0000284c                extractDigitFromLocation
 .text.DataExtraction
                0x000029a8       0xaa Windows.o
                0x000029a8                DataExtraction
 .text.calculateValue
                0x00002a52       0xba Windows.o
                0x00002a52                calculateValue
 .text.applySign
                0x00002b0c       0x12 Windows.o
                0x00002b0c                applySign
 .text.applySignDouble
                0x00002b1e       0x12 Windows.o
                0x00002b1e                applySignDouble
 .text.ValidateNewData
                0x00002b30      0x3ea Windows.o
                0x00002b30                ValidateNewData
 .text.parametersWOerror
                0x00002f1a      0x226 Windows.o
                0x00002f1a                parametersWOerror
 .text.parametersWerror
                0x00003140      0x31a Windows.o
                0x00003140                parametersWerror
 .text.backButton
                0x0000345a       0x12 Windows.o
                0x0000345a                backButton
 .text.ClockError
                0x0000346c       0x1c Windows.o
                0x0000346c                ClockError
 .text.DateAndLocationChangeWindow
                0x00003488       0xa6 Windows.o
                0x00003488                DateAndLocationChangeWindow
 .text.ParameterViewWindow
                0x0000352e       0x84 Windows.o
                0x0000352e                ParameterViewWindow
 .text.MainWindow
                0x000035b2      0x216 Windows.o
                0x000035b2                MainWindow
 .text.windows  0x000037c8       0x1e Windows.o
                0x000037c8                windows
 .text.avr-libc.fplib
                0x000037e6        0xe c:/program files (x86)/atmel/studio/7.0/toolchain/avr8/avr8-gnu-toolchain/bin/../lib/gcc/avr/5.4.0/../../../../avr/lib/avrxmega2\libm.a(addsf3.o)
                0x000037e6                __subsf3
                0x000037e8                __addsf3
 .text.avr-libc.fplib
                0x000037f4       0xcc c:/program files (x86)/atmel/studio/7.0/toolchain/avr8/avr8-gnu-toolchain/bin/../lib/gcc/avr/5.4.0/../../../../avr/lib/avrxmega2\libm.a(addsf3x.o)
                0x00003816                __addsf3x
 .text.avr-libc.fplib
                0x000038c0        0xa c:/program files (x86)/atmel/studio/7.0/toolchain/avr8/avr8-gnu-toolchain/bin/../lib/gcc/avr/5.4.0/../../../../avr/lib/avrxmega2\libm.a(cmpsf2.o)
                0x000038c0                __nesf2
                0x000038c0                __eqsf2
                0x000038c0                __cmpsf2
                0x000038c0                __ltsf2
                0x000038c0                __lesf2
 .text.avr-libc.fplib
                0x000038ca        0x8 c:/program files (x86)/atmel/studio/7.0/toolchain/avr8/avr8-gnu-toolchain/bin/../lib/gcc/avr/5.4.0/../../../../avr/lib/avrxmega2\libm.a(divsf3.o)
                0x000038ca                __divsf3
 .text.avr-libc.fplib
                0x000038d2       0xdc c:/program files (x86)/atmel/studio/7.0/toolchain/avr8/avr8-gnu-toolchain/bin/../lib/gcc/avr/5.4.0/../../../../avr/lib/avrxmega2\libm.a(divsf3x.o)
                0x000038f2                __divsf3x
                0x000038f8                __divsf3_pse
 .text.avr-libc.fplib
                0x000039ae       0x74 c:/program files (x86)/atmel/studio/7.0/toolchain/avr8/avr8-gnu-toolchain/bin/../lib/gcc/avr/5.4.0/../../../../avr/lib/avrxmega2\libm.a(exp.o)
                0x000039be                exp
 .text.avr-libc.fplib
                0x00003a22       0x5e c:/program files (x86)/atmel/studio/7.0/toolchain/avr8/avr8-gnu-toolchain/bin/../lib/gcc/avr/5.4.0/../../../../avr/lib/avrxmega2\libm.a(fixunssfsi.o)
                0x00003a22                __fixunssfsi
 .text.avr-libc.fplib
                0x00003a80        0xc c:/program files (x86)/atmel/studio/7.0/toolchain/avr8/avr8-gnu-toolchain/bin/../lib/gcc/avr/5.4.0/../../../../avr/lib/avrxmega2\libm.a(floatdisf.o)
                0x00003a80                __floatdisf
 .text.avr-libc.fplib
                0x00003a8c       0x7a c:/program files (x86)/atmel/studio/7.0/toolchain/avr8/avr8-gnu-toolchain/bin/../lib/gcc/avr/5.4.0/../../../../avr/lib/avrxmega2\libm.a(floatsisf.o)
                0x00003a8c                __floatunsisf
                0x00003a90                __floatsisf
 .text.avr-libc.fplib
                0x00003b06       0x7c c:/program files (x86)/atmel/studio/7.0/toolchain/avr8/avr8-gnu-toolchain/bin/../lib/gcc/avr/5.4.0/../../../../avr/lib/avrxmega2\libm.a(floatundisf.o)
                0x00003b06                __floatundisf
                0x00003b08                __fp_di2sf
 .text.avr-libc.fplib
                0x00003b82       0x48 c:/program files (x86)/atmel/studio/7.0/toolchain/avr8/avr8-gnu-toolchain/bin/../lib/gcc/avr/5.4.0/../../../../avr/lib/avrxmega2\libm.a(fp_cmp.o)
                0x00003b82                __fp_cmp
 .text.avr-libc.fplib
                0x00003bca        0xc c:/program files (x86)/atmel/studio/7.0/toolchain/avr8/avr8-gnu-toolchain/bin/../lib/gcc/avr/5.4.0/../../../../avr/lib/avrxmega2\libm.a(fp_inf.o)
                0x00003bca                __fp_inf
 .text.avr-libc.fplib
                0x00003bd6        0x6 c:/program files (x86)/atmel/studio/7.0/toolchain/avr8/avr8-gnu-toolchain/bin/../lib/gcc/avr/5.4.0/../../../../avr/lib/avrxmega2\libm.a(fp_nan.o)
                0x00003bd6                __fp_nan
 .text.avr-libc.fplib
                0x00003bdc       0x20 c:/program files (x86)/atmel/studio/7.0/toolchain/avr8/avr8-gnu-toolchain/bin/../lib/gcc/avr/5.4.0/../../../../avr/lib/avrxmega2\libm.a(fp_negdi.o)
                0x00003bdc                __fp_negdi
 .text.avr-libc.fplib
                0x00003bfc       0x4e c:/program files (x86)/atmel/studio/7.0/toolchain/avr8/avr8-gnu-toolchain/bin/../lib/gcc/avr/5.4.0/../../../../avr/lib/avrxmega2\libm.a(fp_powser.o)
                0x00003bfc                __fp_powser
 .text.avr-libc.fplib
                0x00003c4a        0xe c:/program files (x86)/atmel/studio/7.0/toolchain/avr8/avr8-gnu-toolchain/bin/../lib/gcc/avr/5.4.0/../../../../avr/lib/avrxmega2\libm.a(fp_pscA.o)
                0x00003c4a                __fp_pscA
 .text.avr-libc.fplib
                0x00003c58        0xe c:/program files (x86)/atmel/studio/7.0/toolchain/avr8/avr8-gnu-toolchain/bin/../lib/gcc/avr/5.4.0/../../../../avr/lib/avrxmega2\libm.a(fp_pscB.o)
                0x00003c58                __fp_pscB
 .text.avr-libc.fplib
                0x00003c66       0x22 c:/program files (x86)/atmel/studio/7.0/toolchain/avr8/avr8-gnu-toolchain/bin/../lib/gcc/avr/5.4.0/../../../../avr/lib/avrxmega2\libm.a(fp_round.o)
                0x00003c66                __fp_round
 .text.avr-libc.fplib
                0x00003c88       0x44 c:/program files (x86)/atmel/studio/7.0/toolchain/avr8/avr8-gnu-toolchain/bin/../lib/gcc/avr/5.4.0/../../../../avr/lib/avrxmega2\libm.a(fp_split3.o)
                0x00003c88                __fp_split3
                0x00003c98                __fp_splitA
 .text.avr-libc.fplib
                0x00003ccc        0xe c:/program files (x86)/atmel/studio/7.0/toolchain/avr8/avr8-gnu-toolchain/bin/../lib/gcc/avr/5.4.0/../../../../avr/lib/avrxmega2\libm.a(fp_zero.o)
                0x00003ccc                __fp_zero
                0x00003cce                __fp_szero
 .text.avr-libc.fplib
                0x00003cda        0xa c:/program files (x86)/atmel/studio/7.0/toolchain/avr8/avr8-gnu-toolchain/bin/../lib/gcc/avr/5.4.0/../../../../avr/lib/avrxmega2\libm.a(gesf2.o)
                0x00003cda                __gesf2
                0x00003cda                __gtsf2
 .text.avr-libc.fplib
                0x00003ce4       0x10 c:/program files (x86)/atmel/studio/7.0/toolchain/avr8/avr8-gnu-toolchain/bin/../lib/gcc/avr/5.4.0/../../../../avr/lib/avrxmega2\libm.a(inverse.o)
                0x00003ce4                inverse
 .text.avr-libc.fplib
                0x00003cf4       0x74 c:/program files (x86)/atmel/studio/7.0/toolchain/avr8/avr8-gnu-toolchain/bin/../lib/gcc/avr/5.4.0/../../../../avr/lib/avrxmega2\libm.a(ldexp.o)
                0x00003cfc                ldexp
 .text.avr-libc.fplib
                0x00003d68       0xa0 c:/program files (x86)/atmel/studio/7.0/toolchain/avr8/avr8-gnu-toolchain/bin/../lib/gcc/avr/5.4.0/../../../../avr/lib/avrxmega2\libm.a(log.o)
                0x00003d78                log
 .text.avr-libc.fplib
                0x00003e08       0x68 c:/program files (x86)/atmel/studio/7.0/toolchain/avr8/avr8-gnu-toolchain/bin/../lib/gcc/avr/5.4.0/../../../../avr/lib/avrxmega2\libm.a(modf.o)
                0x00003e08                modf
                0x00003e08                modff
 .text.avr-libc.fplib
                0x00003e70        0x8 c:/program files (x86)/atmel/studio/7.0/toolchain/avr8/avr8-gnu-toolchain/bin/../lib/gcc/avr/5.4.0/../../../../avr/lib/avrxmega2\libm.a(mulsf3.o)
                0x00003e70                __mulsf3
 .text.avr-libc.fplib
                0x00003e78       0xd2 c:/program files (x86)/atmel/studio/7.0/toolchain/avr8/avr8-gnu-toolchain/bin/../lib/gcc/avr/5.4.0/../../../../avr/lib/avrxmega2\libm.a(mulsf3x.o)
                0x00003e96                __mulsf3x
                0x00003e9c                __mulsf3_pse
 .text.avr-libc.fplib
                0x00003f4a       0xa0 c:/program files (x86)/atmel/studio/7.0/toolchain/avr8/avr8-gnu-toolchain/bin/../lib/gcc/avr/5.4.0/../../../../avr/lib/avrxmega2\libm.a(pow.o)
                0x00003f4a                pow
 .text.avr-libc.fplib
                0x00003fea       0x48 c:/program files (x86)/atmel/studio/7.0/toolchain/avr8/avr8-gnu-toolchain/bin/../lib/gcc/avr/5.4.0/../../../../avr/lib/avrxmega2\libm.a(round.o)
                0x00003fea                round
 .text.avr-libc.fplib
                0x00004032       0x4a c:/program files (x86)/atmel/studio/7.0/toolchain/avr8/avr8-gnu-toolchain/bin/../lib/gcc/avr/5.4.0/../../../../avr/lib/avrxmega2\libm.a(tan.o)
                0x00004032                tan
 .text.avr-libc.fplib
                0x0000407c       0x36 c:/program files (x86)/atmel/studio/7.0/toolchain/avr8/avr8-gnu-toolchain/bin/../lib/gcc/avr/5.4.0/../../../../avr/lib/avrxmega2\libm.a(fp_mintl.o)
                0x0000407c                __fp_mintl
 .text.avr-libc.fplib
                0x000040b2       0x1c c:/program files (x86)/atmel/studio/7.0/toolchain/avr8/avr8-gnu-toolchain/bin/../lib/gcc/avr/5.4.0/../../../../avr/lib/avrxmega2\libm.a(fp_mpack.o)
                0x000040b2                __fp_mpack
                0x000040b6                __fp_mpack_finite
 .text.avr-libc.fplib
                0x000040ce       0x28 c:/program files (x86)/atmel/studio/7.0/toolchain/avr8/avr8-gnu-toolchain/bin/../lib/gcc/avr/5.4.0/../../../../avr/lib/avrxmega2\libm.a(fp_powsodd.o)
                0x000040ce                __fp_powsodd
 .text.avr-libc.fplib
                0x000040f6       0x56 c:/program files (x86)/atmel/studio/7.0/toolchain/avr8/avr8-gnu-toolchain/bin/../lib/gcc/avr/5.4.0/../../../../avr/lib/avrxmega2\libm.a(fp_rempio2.o)
                0x000040fa                __fp_rempio2
 .text.avr-libc
                0x0000414c      0x6fa c:/program files (x86)/atmel/studio/7.0/toolchain/avr8/avr8-gnu-toolchain/bin/../lib/gcc/avr/5.4.0/../../../../avr/lib/avrxmega2\libprintf_flt.a(vfprintf_flt.o)
                0x0000414c                vfprintf
 .text.libgcc.mul
                0x00004846       0x20 c:/program files (x86)/atmel/studio/7.0/toolchain/avr8/avr8-gnu-toolchain/bin/../lib/gcc/avr/5.4.0/avrxmega2\libgcc.a(_mulsi3.o)
                0x00004846                __mulsi3
 .text.libgcc.div
                0x00004866       0x28 c:/program files (x86)/atmel/studio/7.0/toolchain/avr8/avr8-gnu-toolchain/bin/../lib/gcc/avr/5.4.0/avrxmega2\libgcc.a(_udivmodhi4.o)
                0x00004866                __udivmodhi4
 .text.libgcc.div
                0x0000488e       0x28 c:/program files (x86)/atmel/studio/7.0/toolchain/avr8/avr8-gnu-toolchain/bin/../lib/gcc/avr/5.4.0/avrxmega2\libgcc.a(_divmodhi4.o)
                0x0000488e                _div
                0x0000488e                __divmodhi4
 .text.libgcc.div
                0x000048b6       0x44 c:/program files (x86)/atmel/studio/7.0/toolchain/avr8/avr8-gnu-toolchain/bin/../lib/gcc/avr/5.4.0/avrxmega2\libgcc.a(_udivmodsi4.o)
                0x000048b6                __udivmodsi4
 .text.libgcc   0x000048fa        0xc c:/program files (x86)/atmel/studio/7.0/toolchain/avr8/avr8-gnu-toolchain/bin/../lib/gcc/avr/5.4.0/avrxmega2\libgcc.a(_tablejump2.o)
                0x000048fa                __tablejump2__
 .text.libgcc.mul
                0x00004906       0x1e c:/program files (x86)/atmel/studio/7.0/toolchain/avr8/avr8-gnu-toolchain/bin/../lib/gcc/avr/5.4.0/avrxmega2\libgcc.a(_umulhisi3.o)
                0x00004906                __umulhisi3
 .text.libgcc.mul
                0x00004924       0x16 c:/program files (x86)/atmel/studio/7.0/toolchain/avr8/avr8-gnu-toolchain/bin/../lib/gcc/avr/5.4.0/avrxmega2\libgcc.a(_muluhisi3.o)
                0x00004924                __muluhisi3
 .text.libgcc.mul
                0x0000493a       0x10 c:/program files (x86)/atmel/studio/7.0/toolchain/avr8/avr8-gnu-toolchain/bin/../lib/gcc/avr/5.4.0/avrxmega2\libgcc.a(_mulshisi3.o)
                0x0000493a                __mulshisi3
                0x00004940                __mulohisi3
 .text.libgcc.mul
                0x0000494a       0xa0 c:/program files (x86)/atmel/studio/7.0/toolchain/avr8/avr8-gnu-toolchain/bin/../lib/gcc/avr/5.4.0/avrxmega2\libgcc.a(_muldi3.o)
                0x0000494a                __muldi3
 .text.libgcc.mul
                0x000049ea       0x12 c:/program files (x86)/atmel/studio/7.0/toolchain/avr8/avr8-gnu-toolchain/bin/../lib/gcc/avr/5.4.0/avrxmega2\libgcc.a(_muldi3_6.o)
                0x000049ea                __muldi3_6
 .text.libgcc.div
                0x000049fc       0x62 c:/program files (x86)/atmel/studio/7.0/toolchain/avr8/avr8-gnu-toolchain/bin/../lib/gcc/avr/5.4.0/avrxmega2\libgcc.a(_divdi3.o)
                0x000049fc                __moddi3
                0x00004a00                __divdi3
                0x00004a02                __divdi3_moddi3
 .text.libgcc.div
                0x00004a5e       0x1c c:/program files (x86)/atmel/studio/7.0/toolchain/avr8/avr8-gnu-toolchain/bin/../lib/gcc/avr/5.4.0/avrxmega2\libgcc.a(_udivdi3.o)
                0x00004a5e                __umoddi3
                0x00004a62                __udivdi3
                0x00004a64                __udivdi3_umoddi3
 .text.libgcc.div
                0x00004a7a       0xa2 c:/program files (x86)/atmel/studio/7.0/toolchain/avr8/avr8-gnu-toolchain/bin/../lib/gcc/avr/5.4.0/avrxmega2\libgcc.a(_udivmod64.o)
                0x00004a7a                __udivmod64
 .text.libgcc   0x00004b1c       0x20 c:/program files (x86)/atmel/studio/7.0/toolchain/avr8/avr8-gnu-toolchain/bin/../lib/gcc/avr/5.4.0/avrxmega2\libgcc.a(_negdi2.o)
                0x00004b1c                __negdi2
 .text.libgcc.prologue
                0x00004b3c       0x32 c:/program files (x86)/atmel/studio/7.0/toolchain/avr8/avr8-gnu-toolchain/bin/../lib/gcc/avr/5.4.0/avrxmega2\libgcc.a(_prologue.o)
                0x00004b3c                __prologue_saves__
 .text.libgcc.prologue
                0x00004b6e       0x30 c:/program files (x86)/atmel/studio/7.0/toolchain/avr8/avr8-gnu-toolchain/bin/../lib/gcc/avr/5.4.0/avrxmega2\libgcc.a(_epilogue.o)
                0x00004b6e                __epilogue_restores__
 .text.libgcc.builtins
                0x00004b9e       0x32 c:/program files (x86)/atmel/studio/7.0/toolchain/avr8/avr8-gnu-toolchain/bin/../lib/gcc/avr/5.4.0/avrxmega2\libgcc.a(_ashldi3.o)
                0x00004b9e                __ashldi3
 .text.libgcc.builtins
                0x00004bd0       0x3c c:/program files (x86)/atmel/studio/7.0/toolchain/avr8/avr8-gnu-toolchain/bin/../lib/gcc/avr/5.4.0/avrxmega2\libgcc.a(_ashrdi3.o)
                0x00004bd0                __ashrdi3
                0x00004bd4                __lshrdi3
 .text.libgcc   0x00004c0c       0x12 c:/program files (x86)/atmel/studio/7.0/toolchain/avr8/avr8-gnu-toolchain/bin/../lib/gcc/avr/5.4.0/avrxmega2\libgcc.a(_adddi3.o)
                0x00004c0c                __adddi3
 .text.libgcc   0x00004c1e       0x12 c:/program files (x86)/atmel/studio/7.0/toolchain/avr8/avr8-gnu-toolchain/bin/../lib/gcc/avr/5.4.0/avrxmega2\libgcc.a(_subdi3.o)
                0x00004c1e                __subdi3
 .text.libgcc   0x00004c30       0x18 c:/program files (x86)/atmel/studio/7.0/toolchain/avr8/avr8-gnu-toolchain/bin/../lib/gcc/avr/5.4.0/avrxmega2\libgcc.a(_cmpdi2_s8.o)
                0x00004c30                __cmpdi2_s8
 .text.avr-libc
                0x00004c48        0x8 c:/program files (x86)/atmel/studio/7.0/toolchain/avr8/avr8-gnu-toolchain/bin/../lib/gcc/avr/5.4.0/../../../../avr/lib/avrxmega2\libc.a(atof.o)
                0x00004c48                atof
 .text.avr-libc
                0x00004c50       0x3c c:/program files (x86)/atmel/studio/7.0/toolchain/avr8/avr8-gnu-toolchain/bin/../lib/gcc/avr/5.4.0/../../../../avr/lib/avrxmega2\libc.a(atoi.o)
                0x00004c50                atoi
 .text.avr-libc
                0x00004c8c      0x1b0 c:/program files (x86)/atmel/studio/7.0/toolchain/avr8/avr8-gnu-toolchain/bin/../lib/gcc/avr/5.4.0/../../../../avr/lib/avrxmega2\libc.a(ftoa_engine.o)
                0x00004c8c                __ftoa_engine
 .text.avr-libc
                0x00004e3c       0x16 c:/program files (x86)/atmel/studio/7.0/toolchain/avr8/avr8-gnu-toolchain/bin/../lib/gcc/avr/5.4.0/../../../../avr/lib/avrxmega2\libc.a(strnlen_P.o)
                0x00004e3c                strnlen_P
 .text.avr-libc
                0x00004e52        0xa c:/program files (x86)/atmel/studio/7.0/toolchain/avr8/avr8-gnu-toolchain/bin/../lib/gcc/avr/5.4.0/../../../../avr/lib/avrxmega2\libc.a(strtok.o)
                0x00004e52                strtok
 .text.avr-libc
                0x00004e5c       0x16 c:/program files (x86)/atmel/studio/7.0/toolchain/avr8/avr8-gnu-toolchain/bin/../lib/gcc/avr/5.4.0/../../../../avr/lib/avrxmega2\libc.a(strnlen.o)
                0x00004e5c                strnlen
 .text.avr-libc
                0x00004e72       0x4e c:/program files (x86)/atmel/studio/7.0/toolchain/avr8/avr8-gnu-toolchain/bin/../lib/gcc/avr/5.4.0/../../../../avr/lib/avrxmega2\libc.a(strtok_r.o)
                0x00004e72                strtok_r
 .text.avr-libc
                0x00004ec0       0x10 c:/program files (x86)/atmel/studio/7.0/toolchain/avr8/avr8-gnu-toolchain/bin/../lib/gcc/avr/5.4.0/../../../../avr/lib/avrxmega2\libc.a(mul10.o)
                0x00004ec0                __mulhi_const_10
 .text.avr-libc
                0x00004ed0       0x78 c:/program files (x86)/atmel/studio/7.0/toolchain/avr8/avr8-gnu-toolchain/bin/../lib/gcc/avr/5.4.0/../../../../avr/lib/avrxmega2\libc.a(fputc.o)
                0x00004ed0                fputc
 .text.avr-libc
                0x00004f48       0x2c c:/program files (x86)/atmel/studio/7.0/toolchain/avr8/avr8-gnu-toolchain/bin/../lib/gcc/avr/5.4.0/../../../../avr/lib/avrxmega2\libc.a(printf.o)
                0x00004f48                printf
 .text.avr-libc
                0x00004f74       0x32 c:/program files (x86)/atmel/studio/7.0/toolchain/avr8/avr8-gnu-toolchain/bin/../lib/gcc/avr/5.4.0/../../../../avr/lib/avrxmega2\libc.a(sscanf.o)
                0x00004f74                sscanf
 .text.avr-libc
                0x00004fa6       0x58 c:/program files (x86)/atmel/studio/7.0/toolchain/avr8/avr8-gnu-toolchain/bin/../lib/gcc/avr/5.4.0/../../../../avr/lib/avrxmega2\libc.a(vsnprintf.o)
                0x00004fa6                vsnprintf
 .text.avr-libc
                0x00004ffe       0xbc c:/program files (x86)/atmel/studio/7.0/toolchain/avr8/avr8-gnu-toolchain/bin/../lib/gcc/avr/5.4.0/../../../../avr/lib/avrxmega2\libc.a(ultoa_invert.o)
                0x00004ffe                __ultoa_invert
 .text.avr-libc
                0x000050ba      0x55a c:/program files (x86)/atmel/studio/7.0/toolchain/avr8/avr8-gnu-toolchain/bin/../lib/gcc/avr/5.4.0/../../../../avr/lib/avrxmega2\libc.a(vfscanf_std.o)
                0x000053f2                vfscanf
 .text.avr-libc
                0x00005614      0x29c c:/program files (x86)/atmel/studio/7.0/toolchain/avr8/avr8-gnu-toolchain/bin/../lib/gcc/avr/5.4.0/../../../../avr/lib/avrxmega2\libc.a(strtod.o)
                0x00005614                strtod
 .text.avr-libc
                0x000058b0       0x12 c:/program files (x86)/atmel/studio/7.0/toolchain/avr8/avr8-gnu-toolchain/bin/../lib/gcc/avr/5.4.0/../../../../avr/lib/avrxmega2\libc.a(isspace.o)
                0x000058b0                isspace
 .text.avr-libc
                0x000058c2       0x16 c:/program files (x86)/atmel/studio/7.0/toolchain/avr8/avr8-gnu-toolchain/bin/../lib/gcc/avr/5.4.0/../../../../avr/lib/avrxmega2\libc.a(strchr_P.o)
                0x000058c2                strchr_P
 .text.avr-libc
                0x000058d8       0x30 c:/program files (x86)/atmel/studio/7.0/toolchain/avr8/avr8-gnu-toolchain/bin/../lib/gcc/avr/5.4.0/../../../../avr/lib/avrxmega2\libc.a(strncasecmp_P.o)
                0x000058d8                strncasecmp_P
 .text.avr-libc
                0x00005908       0x7c c:/program files (x86)/atmel/studio/7.0/toolchain/avr8/avr8-gnu-toolchain/bin/../lib/gcc/avr/5.4.0/../../../../avr/lib/avrxmega2\libc.a(fgetc.o)
                0x00005908                fgetc
 .text.avr-libc
                0x00005984       0x32 c:/program files (x86)/atmel/studio/7.0/toolchain/avr8/avr8-gnu-toolchain/bin/../lib/gcc/avr/5.4.0/../../../../avr/lib/avrxmega2\libc.a(ungetc.o)
                0x00005984                ungetc
 .text.avr-libc
                0x000059b6        0x6 c:/program files (x86)/atmel/studio/7.0/toolchain/avr8/avr8-gnu-toolchain/bin/../lib/gcc/avr/5.4.0/../../../../avr/lib/avrxmega2\libc.a(cty_isfalse.o)
                0x000059b6                __ctype_isfalse
                0x000059ba                __ctype_istrue
 .text.avr-libc
                0x000059bc        0xc C:/Program Files (x86)/Atmel/Studio/7.0/Packs/Atmel/AVR-Dx_DFP/2.6.303/gcc/dev/avr64dd32/avrxmega2\libavr64dd32.a(ccp_write.o)
                0x000059bc                ccp_write_io
                0x000059c8                . = ALIGN (0x2)
 *(.fini9)
 .fini9         0x000059c8        0x0 c:/program files (x86)/atmel/studio/7.0/toolchain/avr8/avr8-gnu-toolchain/bin/../lib/gcc/avr/5.4.0/avrxmega2\libgcc.a(_exit.o)
                0x000059c8                _exit
                0x000059c8                exit
 *(.fini9)
 *(.fini8)
 *(.fini8)
 *(.fini7)
 *(.fini7)
 *(.fini6)
 *(.fini6)
 *(.fini5)
 *(.fini5)
 *(.fini4)
 *(.fini4)
 *(.fini3)
 *(.fini3)
 *(.fini2)
 *(.fini2)
 *(.fini1)
 *(.fini1)
 *(.fini0)
 .fini0         0x000059c8        0x4 c:/program files (x86)/atmel/studio/7.0/toolchain/avr8/avr8-gnu-toolchain/bin/../lib/gcc/avr/5.4.0/avrxmega2\libgcc.a(_exit.o)
 *(.fini0)
                0x000059cc                _etext = .

.data           0x00806000      0x852 load address 0x000059cc
                0x00806000                PROVIDE (__data_start, .)
 *(.data)
 *(.data*)
 .data.Altitude
                0x00806000        0xc Altitude.o
                0x00806000                Altitude
 .data.BMP280   0x0080600c       0x3b BMP390.o
                0x0080600c                BMP280
 .data.Date_Clock
                0x00806047       0x21 Communications.o
                0x00806047                Date_Clock
 .data.SHT21    0x00806068       0x11 SHT45.o
                0x00806068                SHT21
 .data.font     0x00806079      0x325 ST7567S.o
                0x00806079                font
 .data.st7567sCommands
                0x0080639e        0xb ST7567S.o
                0x0080639e                st7567sCommands
 *(.gnu.linkonce.d*)
 *(.rodata)
 .rodata        0x008063a9       0x18 Communications.o
 *(.rodata*)
 .rodata.str1.1
                0x008063c1       0x72 Communications.o
 .rodata.crc8_table
                0x00806433      0x100 CRC.o
                0x00806433                crc8_table
 .rodata.str1.1
                0x00806533       0x17 main.o
 .rodata.str1.1
                0x0080654a       0x18 Wind.o
 .rodata.str1.1
                0x00806562      0x2ef Windows.o
                                0x315 (size before relaxing)
 *(.gnu.linkonce.r*)
                0x00806852                . = ALIGN (0x2)
 *fill*         0x00806851        0x1 
                0x00806852                _edata = .
                0x00806852                PROVIDE (__data_end, .)

.bss            0x00806852       0x72
                0x00806852                PROVIDE (__bss_start, .)
 *(.bss)
 .bss           0x00806852        0x2 c:/program files (x86)/atmel/studio/7.0/toolchain/avr8/avr8-gnu-toolchain/bin/../lib/gcc/avr/5.4.0/../../../../avr/lib/avrxmega2\libc.a(strtok.o)
 *(.bss*)
 .bss.SUN       0x00806854       0x12 ElAndAzComp.o
                0x00806854                SUN
 .bss.I2C       0x00806866        0x1 i2c.o
                0x00806866                I2C
 .bss.hold_counter.4547
                0x00806867        0x2 Keypad3x4.o
 .bss.last_key.4546
                0x00806869        0x1 Keypad3x4.o
 .bss.Keypad3x4
                0x0080686a        0x2 Keypad3x4.o
                0x0080686a                Keypad3x4
 .bss.Wind      0x0080686c        0x2 Wind.o
                0x0080686c                Wind
 .bss.upDown.4638
                0x0080686e        0x1 Windows.o
 .bss.step.4631
                0x0080686f        0x1 Windows.o
 .bss.arrow.4632
                0x00806870       0x26 Windows.o
 .bss.newTimeAndPlace.4630
                0x00806896       0x26 Windows.o
 *(COMMON)
 COMMON         0x008068bc        0x6 c:/program files (x86)/atmel/studio/7.0/toolchain/avr8/avr8-gnu-toolchain/bin/../lib/gcc/avr/5.4.0/../../../../avr/lib/avrxmega2\libc.a(iob.o)
                0x008068bc                __iob
 COMMON         0x008068c2        0x2 c:/program files (x86)/atmel/studio/7.0/toolchain/avr8/avr8-gnu-toolchain/bin/../lib/gcc/avr/5.4.0/../../../../avr/lib/avrxmega2\libc.a(errno.o)
                0x008068c2                errno
                0x008068c4                PROVIDE (__bss_end, .)
                0x000059cc                __data_load_start = LOADADDR (.data)
                0x0000621e                __data_load_end = (__data_load_start + SIZEOF (.data))

.noinit         0x008068c4        0x0
                [!provide]                PROVIDE (__noinit_start, .)
 *(.noinit*)
                [!provide]                PROVIDE (__noinit_end, .)
                0x008068c4                _end = .
                [!provide]                PROVIDE (__heap_start, .)

.eeprom         0x00810000        0x0
 *(.eeprom*)
                0x00810000                __eeprom_end = .

.fuse
 *(.fuse)
 *(.lfuse)
 *(.hfuse)
 *(.efuse)

.lock
 *(.lock*)

.signature
 *(.signature*)

.user_signatures
 *(.user_signatures*)

.stab
 *(.stab)

.stabstr
 *(.stabstr)

.stab.excl
 *(.stab.excl)

.stab.exclstr
 *(.stab.exclstr)

.stab.index
 *(.stab.index)

.stab.indexstr
 *(.stab.indexstr)

.comment        0x00000000       0x5c
 *(.comment)
 .comment       0x00000000       0x30 ADC.o
                                 0x31 (size before relaxing)
 .comment       0x00000030       0x31 Altitude.o
 .comment       0x00000030       0x31 BMP390.o
 .comment       0x00000030       0x31 CLK.o
 .comment       0x00000030       0x31 Communications.o
 .comment       0x00000030       0x31 CRC.o
 .comment       0x00000030       0x31 ElAndAzComp.o
 .comment       0x00000030       0x31 GPIO.o
 .comment       0x00000030       0x31 i2c.o
 .comment       0x00000030       0x31 Keypad3x4.o
 .comment       0x00000030       0x31 main.o
 .comment       0x00000030       0x31 SHT45.o
 .comment       0x00000030       0x31 ST7567S.o
 .comment       0x00000030       0x31 USART.o
 .comment       0x00000030       0x31 Wind.o
 .comment       0x00000030       0x31 Windows.o
 .comment       0x00000030       0x2c c:/program files (x86)/atmel/studio/7.0/toolchain/avr8/avr8-gnu-toolchain/bin/../lib/gcc/avr/5.4.0/../../../../avr/lib/avrxmega2\libprintf_flt.a(vfprintf_flt.o)
                                 0x2d (size before relaxing)
 .comment       0x0000005c       0x31 c:/program files (x86)/atmel/studio/7.0/toolchain/avr8/avr8-gnu-toolchain/bin/../lib/gcc/avr/5.4.0/../../../../avr/lib/avrxmega2\libc.a(strtok.o)
 .comment       0x0000005c       0x31 c:/program files (x86)/atmel/studio/7.0/toolchain/avr8/avr8-gnu-toolchain/bin/../lib/gcc/avr/5.4.0/../../../../avr/lib/avrxmega2\libc.a(fputc.o)
 .comment       0x0000005c       0x31 c:/program files (x86)/atmel/studio/7.0/toolchain/avr8/avr8-gnu-toolchain/bin/../lib/gcc/avr/5.4.0/../../../../avr/lib/avrxmega2\libc.a(printf.o)
 .comment       0x0000005c       0x31 c:/program files (x86)/atmel/studio/7.0/toolchain/avr8/avr8-gnu-toolchain/bin/../lib/gcc/avr/5.4.0/../../../../avr/lib/avrxmega2\libc.a(sscanf.o)
 .comment       0x0000005c       0x31 c:/program files (x86)/atmel/studio/7.0/toolchain/avr8/avr8-gnu-toolchain/bin/../lib/gcc/avr/5.4.0/../../../../avr/lib/avrxmega2\libc.a(vsnprintf.o)
 .comment       0x0000005c       0x2d c:/program files (x86)/atmel/studio/7.0/toolchain/avr8/avr8-gnu-toolchain/bin/../lib/gcc/avr/5.4.0/../../../../avr/lib/avrxmega2\libc.a(vfscanf_std.o)
 .comment       0x0000005c       0x31 c:/program files (x86)/atmel/studio/7.0/toolchain/avr8/avr8-gnu-toolchain/bin/../lib/gcc/avr/5.4.0/../../../../avr/lib/avrxmega2\libc.a(strtod.o)
 .comment       0x0000005c       0x31 c:/program files (x86)/atmel/studio/7.0/toolchain/avr8/avr8-gnu-toolchain/bin/../lib/gcc/avr/5.4.0/../../../../avr/lib/avrxmega2\libc.a(fgetc.o)
 .comment       0x0000005c       0x31 c:/program files (x86)/atmel/studio/7.0/toolchain/avr8/avr8-gnu-toolchain/bin/../lib/gcc/avr/5.4.0/../../../../avr/lib/avrxmega2\libc.a(iob.o)
 .comment       0x0000005c       0x31 c:/program files (x86)/atmel/studio/7.0/toolchain/avr8/avr8-gnu-toolchain/bin/../lib/gcc/avr/5.4.0/../../../../avr/lib/avrxmega2\libc.a(ungetc.o)
 .comment       0x0000005c       0x2d c:/program files (x86)/atmel/studio/7.0/toolchain/avr8/avr8-gnu-toolchain/bin/../lib/gcc/avr/5.4.0/../../../../avr/lib/avrxmega2\libc.a(errno.o)

.note.gnu.avr.deviceinfo
                0x00000000       0x3c
 .note.gnu.avr.deviceinfo
                0x00000000       0x3c C:/Program Files (x86)/Atmel/Studio/7.0/Packs/Atmel/AVR-Dx_DFP/2.6.303/gcc/dev/avr64dd32/avrxmega2/crtavr64dd32.o

.note.gnu.build-id
 *(.note.gnu.build-id)

.debug
 *(.debug)

.line
 *(.line)

.debug_srcinfo
 *(.debug_srcinfo)

.debug_sfnames
 *(.debug_sfnames)

.debug_aranges  0x00000000      0x490
 *(.debug_aranges)
 .debug_aranges
                0x00000000       0x40 ADC.o
 .debug_aranges
                0x00000040       0x28 Altitude.o
 .debug_aranges
                0x00000068       0x60 BMP390.o
 .debug_aranges
                0x000000c8       0x28 CLK.o
 .debug_aranges
                0x000000f0       0x60 Communications.o
 .debug_aranges
                0x00000150       0x20 CRC.o
 .debug_aranges
                0x00000170       0x30 ElAndAzComp.o
 .debug_aranges
                0x000001a0       0x20 GPIO.o
 .debug_aranges
                0x000001c0       0x60 i2c.o
 .debug_aranges
                0x00000220       0x30 Keypad3x4.o
 .debug_aranges
                0x00000250       0x20 main.o
 .debug_aranges
                0x00000270       0x40 SHT45.o
 .debug_aranges
                0x000002b0       0x78 ST7567S.o
 .debug_aranges
                0x00000328       0x70 USART.o
 .debug_aranges
                0x00000398       0x30 Wind.o
 .debug_aranges
                0x000003c8       0xa8 Windows.o
 .debug_aranges
                0x00000470       0x20 C:/Program Files (x86)/Atmel/Studio/7.0/Packs/Atmel/AVR-Dx_DFP/2.6.303/gcc/dev/avr64dd32/avrxmega2\libavr64dd32.a(ccp_write.o)

.debug_pubnames
 *(.debug_pubnames)

.debug_info     0x00000000     0x82c2
 *(.debug_info .gnu.linkonce.wi.*)
 .debug_info    0x00000000     0x22a4 C:/Program Files (x86)/Atmel/Studio/7.0/Packs/Atmel/AVR-Dx_DFP/2.6.303/gcc/dev/avr64dd32/avrxmega2/crtavr64dd32.o
 .debug_info    0x000022a4      0x543 ADC.o
 .debug_info    0x000027e7      0x48e Altitude.o
 .debug_info    0x00002c75      0x5a2 BMP390.o
 .debug_info    0x00003217      0x3b2 CLK.o
 .debug_info    0x000035c9      0x795 Communications.o
 .debug_info    0x00003d5e      0x126 CRC.o
 .debug_info    0x00003e84      0x5b2 ElAndAzComp.o
 .debug_info    0x00004436      0x400 GPIO.o
 .debug_info    0x00004836      0x6f4 i2c.o
 .debug_info    0x00004f2a      0x4be Keypad3x4.o
 .debug_info    0x000053e8      0x40c main.o
 .debug_info    0x000057f4      0x7ab SHT45.o
 .debug_info    0x00005f9f      0x837 ST7567S.o
 .debug_info    0x000067d6      0x7a6 USART.o
 .debug_info    0x00006f7c      0x1b9 Wind.o
 .debug_info    0x00007135     0x10e4 Windows.o
 .debug_info    0x00008219       0xa9 C:/Program Files (x86)/Atmel/Studio/7.0/Packs/Atmel/AVR-Dx_DFP/2.6.303/gcc/dev/avr64dd32/avrxmega2\libavr64dd32.a(ccp_write.o)

.debug_abbrev   0x00000000     0x39d4
 *(.debug_abbrev)
 .debug_abbrev  0x00000000     0x20ce C:/Program Files (x86)/Atmel/Studio/7.0/Packs/Atmel/AVR-Dx_DFP/2.6.303/gcc/dev/avr64dd32/avrxmega2/crtavr64dd32.o
 .debug_abbrev  0x000020ce      0x13b ADC.o
 .debug_abbrev  0x00002209      0x13d Altitude.o
 .debug_abbrev  0x00002346      0x12a BMP390.o
 .debug_abbrev  0x00002470       0xe8 CLK.o
 .debug_abbrev  0x00002558      0x20b Communications.o
 .debug_abbrev  0x00002763       0xad CRC.o
 .debug_abbrev  0x00002810      0x149 ElAndAzComp.o
 .debug_abbrev  0x00002959       0xbf GPIO.o
 .debug_abbrev  0x00002a18      0x1ef i2c.o
 .debug_abbrev  0x00002c07      0x1c7 Keypad3x4.o
 .debug_abbrev  0x00002dce       0xb3 main.o
 .debug_abbrev  0x00002e81      0x27c SHT45.o
 .debug_abbrev  0x000030fd      0x1cd ST7567S.o
 .debug_abbrev  0x000032ca      0x2ad USART.o
 .debug_abbrev  0x00003577      0x107 Wind.o
 .debug_abbrev  0x0000367e      0x342 Windows.o
 .debug_abbrev  0x000039c0       0x14 C:/Program Files (x86)/Atmel/Studio/7.0/Packs/Atmel/AVR-Dx_DFP/2.6.303/gcc/dev/avr64dd32/avrxmega2\libavr64dd32.a(ccp_write.o)

.debug_line     0x00000000     0x5b06
 *(.debug_line .debug_line.* .debug_line_end)
 .debug_line    0x00000000      0x16f C:/Program Files (x86)/Atmel/Studio/7.0/Packs/Atmel/AVR-Dx_DFP/2.6.303/gcc/dev/avr64dd32/avrxmega2/crtavr64dd32.o
 .debug_line    0x0000016f      0x450 ADC.o
 .debug_line    0x000005bf      0x419 Altitude.o
 .debug_line    0x000009d8      0x63f BMP390.o
 .debug_line    0x00001017      0x40f CLK.o
 .debug_line    0x00001426      0x668 Communications.o
 .debug_line    0x00001a8e      0x3e7 CRC.o
 .debug_line    0x00001e75      0x44d ElAndAzComp.o
 .debug_line    0x000022c2      0x466 GPIO.o
 .debug_line    0x00002728      0x674 i2c.o
 .debug_line    0x00002d9c      0x52b Keypad3x4.o
 .debug_line    0x000032c7      0x4cc main.o
 .debug_line    0x00003793      0x55f SHT45.o
 .debug_line    0x00003cf2      0x756 ST7567S.o
 .debug_line    0x00004448      0x58a USART.o
 .debug_line    0x000049d2      0x475 Wind.o
 .debug_line    0x00004e47      0xc58 Windows.o
 .debug_line    0x00005a9f       0x67 C:/Program Files (x86)/Atmel/Studio/7.0/Packs/Atmel/AVR-Dx_DFP/2.6.303/gcc/dev/avr64dd32/avrxmega2\libavr64dd32.a(ccp_write.o)

.debug_frame    0x00000000     0x1428
 *(.debug_frame)
 .debug_frame   0x00000000       0x64 ADC.o
 .debug_frame   0x00000064       0x9c Altitude.o
 .debug_frame   0x00000100      0x1cc BMP390.o
 .debug_frame   0x000002cc       0x34 CLK.o
 .debug_frame   0x00000300      0x1e0 Communications.o
 .debug_frame   0x000004e0       0x44 CRC.o
 .debug_frame   0x00000524       0x8c ElAndAzComp.o
 .debug_frame   0x000005b0       0x30 GPIO.o
 .debug_frame   0x000005e0      0x160 i2c.o
 .debug_frame   0x00000740       0x5c Keypad3x4.o
 .debug_frame   0x0000079c       0x5c main.o
 .debug_frame   0x000007f8       0x9c SHT45.o
 .debug_frame   0x00000894      0x184 ST7567S.o
 .debug_frame   0x00000a18      0x104 USART.o
 .debug_frame   0x00000b1c       0x44 Wind.o
 .debug_frame   0x00000b60      0x8c8 Windows.o

.debug_str      0x00000000    0x1a76e
 *(.debug_str)
 .debug_str     0x00000000      0xefb C:/Program Files (x86)/Atmel/Studio/7.0/Packs/Atmel/AVR-Dx_DFP/2.6.303/gcc/dev/avr64dd32/avrxmega2/crtavr64dd32.o
 .debug_str     0x00000efb    0x18224 ADC.o
                              0x185e9 (size before relaxing)
 .debug_str     0x0001911f      0x185 Altitude.o
                              0x18195 (size before relaxing)
 .debug_str     0x000192a4       0xdf BMP390.o
                              0x181ca (size before relaxing)
 .debug_str     0x00019383      0x281 CLK.o
                              0x1826a (size before relaxing)
 .debug_str     0x00019604      0x1bf Communications.o
                              0x182f8 (size before relaxing)
 .debug_str     0x000197c3       0x47 CRC.o
                              0x1800e (size before relaxing)
 .debug_str     0x0001980a       0x52 ElAndAzComp.o
                              0x18263 (size before relaxing)
 .debug_str     0x0001985c      0x330 GPIO.o
                              0x1830b (size before relaxing)
 .debug_str     0x00019b8c      0x2d0 i2c.o
                              0x182e4 (size before relaxing)
 .debug_str     0x00019e5c       0xca Keypad3x4.o
                              0x18184 (size before relaxing)
 .debug_str     0x00019f26       0x30 main.o
                              0x18178 (size before relaxing)
 .debug_str     0x00019f56       0x84 SHT45.o
                              0x18207 (size before relaxing)
 .debug_str     0x00019fda      0x20b ST7567S.o
                              0x1822e (size before relaxing)
 .debug_str     0x0001a1e5      0x332 USART.o
                              0x18449 (size before relaxing)
 .debug_str     0x0001a517       0x57 Wind.o
                              0x18053 (size before relaxing)
 .debug_str     0x0001a56e      0x200 Windows.o
                              0x18633 (size before relaxing)

.debug_loc      0x00000000     0x5b4f
 *(.debug_loc)
 .debug_loc     0x00000000      0x1a6 Altitude.o
 .debug_loc     0x000001a6      0xc7e BMP390.o
 .debug_loc     0x00000e24      0x7a3 Communications.o
 .debug_loc     0x000015c7       0xf8 CRC.o
 .debug_loc     0x000016bf      0x132 ElAndAzComp.o
 .debug_loc     0x000017f1       0x2f GPIO.o
 .debug_loc     0x00001820      0x84e i2c.o
 .debug_loc     0x0000206e      0x1cd Keypad3x4.o
 .debug_loc     0x0000223b       0xff main.o
 .debug_loc     0x0000233a      0x4d1 SHT45.o
 .debug_loc     0x0000280b      0x74c ST7567S.o
 .debug_loc     0x00002f57      0x282 USART.o
 .debug_loc     0x000031d9       0x58 Wind.o
 .debug_loc     0x00003231     0x291e Windows.o

.debug_macinfo
 *(.debug_macinfo)

.debug_weaknames
 *(.debug_weaknames)

.debug_funcnames
 *(.debug_funcnames)

.debug_typenames
 *(.debug_typenames)

.debug_varnames
 *(.debug_varnames)

.debug_pubtypes
 *(.debug_pubtypes)

.debug_ranges   0x00000000      0x418
 *(.debug_ranges)
 .debug_ranges  0x00000000       0x30 ADC.o
 .debug_ranges  0x00000030       0x18 Altitude.o
 .debug_ranges  0x00000048       0x50 BMP390.o
 .debug_ranges  0x00000098       0x18 CLK.o
 .debug_ranges  0x000000b0       0x50 Communications.o
 .debug_ranges  0x00000100       0x10 CRC.o
 .debug_ranges  0x00000110       0x20 ElAndAzComp.o
 .debug_ranges  0x00000130       0x10 GPIO.o
 .debug_ranges  0x00000140       0x80 i2c.o
 .debug_ranges  0x000001c0       0x20 Keypad3x4.o
 .debug_ranges  0x000001e0       0x10 main.o
 .debug_ranges  0x000001f0       0x60 SHT45.o
 .debug_ranges  0x00000250       0x68 ST7567S.o
 .debug_ranges  0x000002b8       0x60 USART.o
 .debug_ranges  0x00000318       0x20 Wind.o
 .debug_ranges  0x00000338       0xe0 Windows.o

.debug_macro    0x00000000     0x85c5
 *(.debug_macro)
 .debug_macro   0x00000000      0x19c ADC.o
 .debug_macro   0x0000019c      0xa54 ADC.o
 .debug_macro   0x00000bf0       0x1c ADC.o
 .debug_macro   0x00000c0c       0x10 ADC.o
 .debug_macro   0x00000c1c      0x1c9 ADC.o
 .debug_macro   0x00000de5      0x2fc ADC.o
 .debug_macro   0x000010e1       0x9e ADC.o
 .debug_macro   0x0000117f       0x19 ADC.o
 .debug_macro   0x00001198     0x4ec2 ADC.o
 .debug_macro   0x0000605a       0x9a ADC.o
 .debug_macro   0x000060f4       0xa5 ADC.o
 .debug_macro   0x00006199       0x34 ADC.o
 .debug_macro   0x000061cd       0x16 ADC.o
 .debug_macro   0x000061e3       0x18 ADC.o
 .debug_macro   0x000061fb       0x1f ADC.o
 .debug_macro   0x0000621a       0x16 ADC.o
 .debug_macro   0x00006230       0x10 ADC.o
 .debug_macro   0x00006240      0x166 ADC.o
 .debug_macro   0x000063a6       0x69 ADC.o
 .debug_macro   0x0000640f       0x58 ADC.o
 .debug_macro   0x00006467       0x10 ADC.o
 .debug_macro   0x00006477       0x97 ADC.o
 .debug_macro   0x0000650e       0xf2 ADC.o
 .debug_macro   0x00006600       0x16 ADC.o
 .debug_macro   0x00006616       0x20 ADC.o
 .debug_macro   0x00006636       0x10 ADC.o
 .debug_macro   0x00006646       0x1c ADC.o
 .debug_macro   0x00006662       0x97 ADC.o
 .debug_macro   0x000066f9       0x5a ADC.o
 .debug_macro   0x00006753      0x183 ADC.o
 .debug_macro   0x000068d6       0x22 ADC.o
 .debug_macro   0x000068f8       0x10 ADC.o
 .debug_macro   0x00006908       0x12 ADC.o
 .debug_macro   0x0000691a       0xe2 ADC.o
 .debug_macro   0x000069fc       0x46 ADC.o
 .debug_macro   0x00006a42       0x82 ADC.o
 .debug_macro   0x00006ac4      0x1a8 ADC.o
 .debug_macro   0x00006c6c       0x3a ADC.o
 .debug_macro   0x00006ca6       0x10 ADC.o
 .debug_macro   0x00006cb6       0x34 ADC.o
 .debug_macro   0x00006cea       0x1c ADC.o
 .debug_macro   0x00006d06       0x22 ADC.o
 .debug_macro   0x00006d28      0x1a6 Altitude.o
 .debug_macro   0x00006ece      0x1a6 BMP390.o
 .debug_macro   0x00007074      0x19c CLK.o
 .debug_macro   0x00007210      0x1a6 Communications.o
 .debug_macro   0x000073b6      0x19c CRC.o
 .debug_macro   0x00007552      0x1a6 ElAndAzComp.o
 .debug_macro   0x000076f8      0x19c GPIO.o
 .debug_macro   0x00007894      0x1a6 i2c.o
 .debug_macro   0x00007a3a      0x1a6 Keypad3x4.o
 .debug_macro   0x00007be0      0x19c main.o
 .debug_macro   0x00007d7c      0x1a6 SHT45.o
 .debug_macro   0x00007f22      0x1af ST7567S.o
 .debug_macro   0x000080d1       0x16 ST7567S.o
 .debug_macro   0x000080e7      0x19c USART.o
 .debug_macro   0x00008283      0x1a6 Wind.o
 .debug_macro   0x00008429      0x19c Windows.o
OUTPUT(AVR64dd32 meteorologine stotele v3.elf elf32-avr)
LOAD linker stubs
